✔ production dt=0 plume/burst uploads change old records but preserve every data byte (26.11532ms)
✔ real buffer mutation with normal upload increments is rejected and gives old/new values (7.147641ms)
✔ geometry without version increment is rejected (11.678113ms)
✔ index without version increment is rejected (13.85499ms)
✔ instance matrix is rejected (13.096739ms)
✔ instance colour is rejected (13.331923ms)
✔ transform is rejected (6.952312ms)
✔ visibility is rejected (38.895187ms)
✔ material colour without version increment is rejected (6.841301ms)
✔ material version remains strict is rejected (9.015944ms)
✔ light intensity is rejected (5.963049ms)
✔ instance count is rejected (6.786938ms)
✔ draw range is rejected (5.508489ms)
✔ end-to-end CPU report preserves old failed equality and uses byte guard; these are synthetic PNG fixtures (15.096209ms)
✔ actual production double-pass material invalidations are accounted for, with exact renderer restoration (8.276176ms)
✔ extra update outside renderer remains rejected (10.565768ms)
✔ material colour change during counted passes remains rejected (4.933318ms)
✔ forceSinglePass change remains rejected (42.830367ms)
✔ non-double-side change remains rejected (7.087301ms)
✔ texture upload version remains rejected (7.59232ms)
✔ review: renderer restores after render throws (6.444593ms)
✔ review: grain restore exception must still restore renderer (8.150792ms)
ℹ tests 22
ℹ suites 0
ℹ pass 22
ℹ fail 0
ℹ cancelled 0
ℹ skipped 0
ℹ todo 0
ℹ duration_ms 434.056762
