✔ each box face returns its outward normal from positive and negative ray directions (4.323558ms)
✔ rotated side normals remain perpendicular and oppose entry rays (0.299421ms)
✔ a roof below a downward probe reports a top face without changing the hit height (0.261944ms)
✔ authored West Heads really stop emitting when the actual choice hook closes them (28.550924ms)
✔ legacy choice flags restore omitted source IDs while explicit source states win (43.006303ms)
✔ the live fixed-update path publishes bounded gas refreshes, including later intensity changes (29.818723ms)
✔ smoothing retains the A* detour around a costly plume and bottled air can cross it (2.634976ms)
✔ short-range production steering follows the detour, then invalidates it when the air clears (1.217963ms)
✔ failed navigation stops steering and smoothing cannot cut a blocked corner (0.450488ms)
✔ a bounded search continues across steps without returning an incomplete route (5.311966ms)
✔ the default guard still requires a hold (2.02651ms)
✔ a subframe tap latches guard until the next tap, not the release (1.052374ms)
✔ holding changes state only once and two subframe taps cancel each other (0.5917ms)
✔ pause/reset, explicit cancellation and changing modes clear latched guard (0.421134ms)
✔ disabled input cannot latch a press behind a menu (0.380874ms)
✔ a press queued while simulation is paused is discarded on resume (0.313351ms)
✔ keyboard guard follows the same toggle path and does not alter attack semantics (0.275145ms)
✔ a second source can release a toggle while the first source is still held (0.274954ms)
✔ cancelling discards old queued toggle presses without delayed rearming (0.421805ms)
✔ real legacy restore keeps original bytes and preserves the replaced save (2.844942ms)
✔ future, corrupt and stale selected copies cannot replace current progress (0.486212ms)
✔ backup refusal leaves current and all saved copies unchanged (0.467894ms)
✔ main write refusal preserves current and all preexisting copies (0.413523ms)
✔ inspection leaves unreadable originals available for export (0.283236ms)
✔ full-list quota permits staging but rejects main write without losing any copy (0.837651ms)
✔ if rollback also fails, the staged list still retains all recovery points (5.630756ms)
✔ successful full-list restore preserves every distinct save in main or backup (0.428465ms)
✔ malformed but valid JSON is rejected before any save or in-memory state is changed (1.83367ms)
✔ malformed world fields are refused before replacing storage or resetting the live world (1.810755ms)
✔ actual title recovery and SAVE wiring protect the restored copy; normal play can still save (19.680743ms)
✔ the actual export action emits original unreadable bytes and cleans its temporary link (1.171313ms)
✔ same transformed triangles are retained while hidden and distant objects are excluded (6.050918ms)
✔ moving skinned bodies and held props use the current actual bone transforms (4.931203ms)
✔ instance count and changed matrices update the actual retained silhouettes (1.644625ms)
✔ winding preserves side choices and negative object transforms (6.078519ms)
✔ material sampling and custom depth paths retain their original casters (0.980426ms)
✔ the shadow proxy emits no colour triangles and cannot intercept a ray pick (0.921237ms)
✔ planar depth indices preserve mixed primitive surfaces and translated appends (130.64148ms)
✔ all authored relationship changes retain their consequence without grading choices (2.500574ms)
✔ the real confession keeps its admission, response, trust consequence and save (0.841737ms)
✔ authored relationship thresholds still change branch availability (0.801927ms)
✔ the actual People panel contains no graded trust label in either language (1.720961ms)
✔ continuous continues with both unmet and unmeasured elements (2.067792ms)
✔ an absent requested count defaults to one without claiming completion (0.214863ms)
✔ a finite exhausted budget is not a completed objective (0.158238ms)
✔ the deadline does not stop continuous unfinished work (0.247062ms)
✔ the actual reader keeps all 19 inherited elements open and reads the first commit anchor (38.370289ms)
✔ only all 19 current evaluated records can complete the objective (69.642025ms)
✔ unsupported budgets and unsupported verdicts fail closed (93.491102ms)
✔ a second work authority in legacy STATE.yaml is refused (26.353031ms)
✔ moving both dates by 168 hours cannot reset the original execution clock (21.749257ms)
✔ uncommitted and shallow histories cannot establish an original clock (27.423377ms)
✔ deleting E-01 and its coverage cannot shrink the inherited objective (21.40638ms)
✔ an arbitrary existing JSON file does not count as a completed comparison (20.549516ms)
✔ missing ledger records, duplicate units, and unchanged repeated packets are refused (43.984115ms)
✔ a primary evaluator selecting reference B cannot be rewritten as development A (32.284554ms)
✔ an evaluator who recognized the source cannot supply a valid blind result (22.503963ms)
✔ material tampering and a fabricated packet digest are detected (34.124014ms)
✔ a comparison can contain several unchanged scenes for each side, but not duplicate material paths (40.50384ms)
✔ source changes invalidate a prior verdict even before a new bundle is built (24.766228ms)
✔ the root mirror hashes as dist and distributable changes invalidate verdicts (27.86991ms)
✔ resetting an affected verdict preserves completed historical units and continues (28.688422ms)
ℹ tests 62
ℹ suites 0
ℹ pass 62
ℹ fail 0
ℹ cancelled 0
ℹ skipped 0
ℹ todo 0
ℹ duration_ms 700.79541
