   0.000 2026-09-13 18:37:54; Factorio 2.0.77 (build 84539, linux64, headless, space-age)
   0.008 Operating system: Linux (Ubuntu 24.04)
   0.008 Program arguments: "reference-materials/factorio/factorio/bin/x64/factorio" "--config" "reference-materials/factorio/run/config.ini" "--benchmark" "reference-materials/factorio/run/seed-20260914.zip" "--benchmark-ticks" "3600" "--benchmark-runs" "3" 
   0.008 Config path: /workspace/scratch/0b7ad82bafe7/reference-materials/factorio/run/config.ini
   0.008 Read data path: /workspace/scratch/0b7ad82bafe7/reference-materials/factorio/factorio/data
   0.008 Write data path: /workspace/scratch/0b7ad82bafe7/reference-materials/factorio/run [24971/32205MB]
   0.008 Binaries path: /workspace/scratch
   0.015 System info: [CPU: AMD EPYC 9V74 80-Core Processor, 9 cores, RAM: 22039 MB]
   0.015 Environment: DISPLAY=<unset> WAYLAND_DISPLAY=<unset> DESKTOP_SESSION=<unset> XDG_SESSION_DESKTOP=<unset> XDG_CURRENT_DESKTOP=<unset> SDL_VIDEODRIVER=<unset> __GL_FSAA_MODE=<unset> __GL_LOG_MAX_ANISO=<unset> __GL_SYNC_TO_VBLANK=<unset> __GL_SORT_FBCONFIGS=<unset> __GL_YIELD=<unset>
   0.015 Running in headless mode
   0.015 Audio is disabled
   0.024 Info ModManager.cpp:449: FeatureFlag expansion-shaders = true
   0.024 Info ModManager.cpp:449: FeatureFlag freezing = true
   0.024 Info ModManager.cpp:449: FeatureFlag quality = true
   0.024 Info ModManager.cpp:449: FeatureFlag rail-bridges = true
   0.024 Info ModManager.cpp:449: FeatureFlag segmented-units = true
   0.024 Info ModManager.cpp:449: FeatureFlag space-travel = true
   0.024 Info ModManager.cpp:449: FeatureFlag spoiling = true
   0.027 Loading mod core 0.0.0 (data.lua)
   0.036 Loading mod base 2.0.77 (data.lua)
   0.232 Loading mod elevated-rails 2.0.77 (data.lua)
   0.253 Loading mod quality 2.0.77 (data.lua)
   0.266 Loading mod space-age 2.0.77 (data.lua)
   0.428 Loading mod base 2.0.77 (data-updates.lua)
   0.442 Loading mod quality 2.0.77 (data-updates.lua)
   0.462 Loading mod space-age 2.0.77 (data-updates.lua)
   0.545 Checksum for core: 4187927925
   0.545 Checksum of base: 1879415942
   0.545 Checksum of elevated-rails: 70351106
   0.545 Checksum of quality: 1142589254
   0.545 Checksum of space-age: 1510664043
   0.911 Prototype list checksum: 3295867752
   0.964 Info PlayerData.cpp:64: Local player-data.json available, timestamp 1789342631
   0.964 Info PlayerData.cpp:71: Cloud player-data.json unavailable
   0.965 Info GlobalContext.cpp:1300: Resetting config.
   0.965 Factorio initialised
   0.965 Loading map reference-materials/factorio/run/seed-20260914.zip: 514143 bytes.
   1.000 Loading level.dat: 650168 bytes.
   1.000 Info Scenario.cpp:154: Map version 2.0.77-0
   1.010 Blueprint storage "blueprint-storage-2.dat" was not found, trying to load previous version storage "blueprint-storage.dat"
   1.010 Loading script.dat: 1211 bytes.
   1.013 Checksum for script __level__/control.lua: 2722821277
Running update 0
Running update 100
Running update 200
Running update 300
Running update 400
Running update 500
Running update 600
Running update 700
Running update 800
Running update 900
Running update 1000
Running update 1100
Running update 1200
Running update 1300
Running update 1400
Running update 1500
Running update 1600
Running update 1700
Running update 1800
Running update 1900
Running update 2000
Running update 2100
Running update 2200
Running update 2300
Running update 2400
Running update 2500
Running update 2600
Running update 2700
Running update 2800
Running update 2900
Running update 3000
Running update 3100
Running update 3200
Running update 3300
Running update 3400
Running update 3500
  Performed 3600 updates in 1197.928 ms
  avg: 0.333 ms, min: 0.172 ms, max: 10.418 ms
  checksum: 200320319
   2.225 Loading map reference-materials/factorio/run/seed-20260914.zip: 514143 bytes.
   2.233 Loading level.dat: 650168 bytes.
   2.233 Info Scenario.cpp:154: Map version 2.0.77-0
   2.243 Blueprint storage "blueprint-storage-2.dat" was not found, trying to load previous version storage "blueprint-storage.dat"
   2.243 Loading script.dat: 1211 bytes.
   2.245 Checksum for script __level__/control.lua: 2722821277
Running update 0
Running update 100
Running update 200
Running update 300
Running update 400
Running update 500
Running update 600
Running update 700
Running update 800
Running update 900
Running update 1000
Running update 1100
Running update 1200
Running update 1300
Running update 1400
Running update 1500
Running update 1600
Running update 1700
Running update 1800
Running update 1900
Running update 2000
Running update 2100
Running update 2200
Running update 2300
Running update 2400
Running update 2500
Running update 2600
Running update 2700
Running update 2800
Running update 2900
Running update 3000
Running update 3100
Running update 3200
Running update 3300
Running update 3400
Running update 3500
  Performed 3600 updates in 1165.770 ms
  avg: 0.324 ms, min: 0.197 ms, max: 7.373 ms
  checksum: 200320319
   3.423 Loading map reference-materials/factorio/run/seed-20260914.zip: 514143 bytes.
   3.432 Loading level.dat: 650168 bytes.
   3.432 Info Scenario.cpp:154: Map version 2.0.77-0
   3.442 Blueprint storage "blueprint-storage-2.dat" was not found, trying to load previous version storage "blueprint-storage.dat"
   3.442 Loading script.dat: 1211 bytes.
   3.445 Checksum for script __level__/control.lua: 2722821277
Running update 0
Running update 100
Running update 200
Running update 300
Running update 400
Running update 500
Running update 600
Running update 700
Running update 800
Running update 900
Running update 1000
Running update 1100
Running update 1200
Running update 1300
Running update 1400
Running update 1500
Running update 1600
Running update 1700
Running update 1800
Running update 1900
Running update 2000
Running update 2100
Running update 2200
Running update 2300
Running update 2400
Running update 2500
Running update 2600
Running update 2700
Running update 2800
Running update 2900
Running update 3000
Running update 3100
Running update 3200
Running update 3300
Running update 3400
Running update 3500
  Performed 3600 updates in 1217.979 ms
  avg: 0.338 ms, min: 0.168 ms, max: 3.207 ms
  checksum: 200320319
   4.746 Goodbye
