   0.000 2026-09-13 18:43:13; Factorio 1.1.110 (build 62357, linux64, headless)
   0.008 Operating system: Linux (Ubuntu 24.04)
   0.009 Program arguments: "reference-materials/factorio/legacy-1.1.110/factorio/bin/x64/factorio" "--config" "reference-materials/factorio/legacy-1.1.110/run/config.ini" "--create" "reference-materials/factorio/legacy-1.1.110/run/legacy-seed-20260914.zip" "--map-gen-seed" "20260914" 
   0.009 Config path: /workspace/scratch/0b7ad82bafe7/reference-materials/factorio/legacy-1.1.110/run/config.ini
   0.009 Read data path: /workspace/scratch/0b7ad82bafe7/reference-materials/factorio/legacy-1.1.110/factorio/data
   0.009 Write data path: /workspace/scratch/0b7ad82bafe7/reference-materials/factorio/legacy-1.1.110/run [24672/32205MB]
   0.009 Binaries path: /workspace/scratch
   0.013 System info: [CPU: AMD EPYC 9V74 80-Core Processor, 9 cores, RAM: 22039 MB]
   0.013 Environment: DISPLAY=<unset> WAYLAND_DISPLAY=<unset> DESKTOP_SESSION=<unset> XDG_SESSION_DESKTOP=<unset> XDG_CURRENT_DESKTOP=<unset> __GL_FSAA_MODE=<unset> __GL_LOG_MAX_ANISO=<unset> __GL_SYNC_TO_VBLANK=<unset> __GL_SORT_FBCONFIGS=<unset> __GL_YIELD=<unset>
   0.013 Running in headless mode
   0.024 Loading mod core 0.0.0 (data.lua)
   0.037 Loading mod base 1.1.110 (data.lua)
   0.150 Loading mod base 1.1.110 (data-updates.lua)
   0.252 Checksum for core: 607699937
   0.252 Checksum of base: 2464433227
   0.572 Prototype list checksum: 3034860339
   0.607 Info PlayerData.cpp:78: Local player-data.json unavailable
   0.607 Info PlayerData.cpp:83: Cloud player-data.json unavailable
   0.608 Info GlobalContext.cpp:1317: Resetting config.
   0.608 Factorio initialised
   0.608 Info Main.cpp:787: Creating new map /workspace/scratch/0b7ad82bafe7/reference-materials/factorio/legacy-1.1.110/run/legacy-seed-20260914.zip
   1.084 Loading level.dat: 977521 bytes.
   1.084 Info Scenario.cpp:204: Map version 1.1.110-0
   1.098 Checksum for script /workspace/scratch/0b7ad82bafe7/reference-materials/factorio/legacy-1.1.110/run/temp/currently-playing/control.lua: 3702463597
Done.
   1.215 Goodbye
