   0.000 2026-09-13 18:37:09; Factorio 2.0.77 (build 84539, linux64, headless, space-age)
   0.008 Operating system: Linux (Ubuntu 24.04)
   0.008 Program arguments: "reference-materials/factorio/factorio/bin/x64/factorio" "--config" "reference-materials/factorio/run/config.ini" "--create" "reference-materials/factorio/run/seed-20260914.zip" "--map-gen-seed" "20260914" 
   0.008 Config path: /workspace/scratch/0b7ad82bafe7/reference-materials/factorio/run/config.ini
   0.008 Read data path: /workspace/scratch/0b7ad82bafe7/reference-materials/factorio/factorio/data
   0.008 Write data path: /workspace/scratch/0b7ad82bafe7/reference-materials/factorio/run [24968/32205MB]
   0.008 Binaries path: /workspace/scratch
   0.015 System info: [CPU: AMD EPYC 9V74 80-Core Processor, 9 cores, RAM: 22039 MB]
   0.015 Environment: DISPLAY=<unset> WAYLAND_DISPLAY=<unset> DESKTOP_SESSION=<unset> XDG_SESSION_DESKTOP=<unset> XDG_CURRENT_DESKTOP=<unset> SDL_VIDEODRIVER=<unset> __GL_FSAA_MODE=<unset> __GL_LOG_MAX_ANISO=<unset> __GL_SYNC_TO_VBLANK=<unset> __GL_SORT_FBCONFIGS=<unset> __GL_YIELD=<unset>
   0.016 Running in headless mode
   0.016 Audio is disabled
   0.024 Info ModManager.cpp:449: FeatureFlag expansion-shaders = true
   0.024 Info ModManager.cpp:449: FeatureFlag freezing = true
   0.024 Info ModManager.cpp:449: FeatureFlag quality = true
   0.024 Info ModManager.cpp:449: FeatureFlag rail-bridges = true
   0.024 Info ModManager.cpp:449: FeatureFlag segmented-units = true
   0.024 Info ModManager.cpp:449: FeatureFlag space-travel = true
   0.024 Info ModManager.cpp:449: FeatureFlag spoiling = true
   0.026 Loading mod core 0.0.0 (data.lua)
   0.036 Loading mod base 2.0.77 (data.lua)
   0.147 Loading mod elevated-rails 2.0.77 (data.lua)
   0.164 Loading mod quality 2.0.77 (data.lua)
   0.175 Loading mod space-age 2.0.77 (data.lua)
   0.320 Loading mod base 2.0.77 (data-updates.lua)
   0.336 Loading mod quality 2.0.77 (data-updates.lua)
   0.362 Loading mod space-age 2.0.77 (data-updates.lua)
   0.541 Checksum for core: 4187927925
   0.541 Checksum of base: 1879415942
   0.541 Checksum of elevated-rails: 70351106
   0.541 Checksum of quality: 1142589254
   0.541 Checksum of space-age: 1510664043
   1.157 Prototype list checksum: 3295867752
   1.212 Info PlayerData.cpp:66: Local player-data.json unavailable
   1.212 Info PlayerData.cpp:71: Cloud player-data.json unavailable
   1.213 Info GlobalContext.cpp:1300: Resetting config.
   1.213 Factorio initialised
   1.213 Info Create.cpp:31: Creating new map /workspace/scratch/0b7ad82bafe7/reference-materials/factorio/run/seed-20260914.zip
   1.219 Blueprint storage "blueprint-storage-2.dat" was not found, trying to load previous version storage "blueprint-storage.dat"
   2.082 Loading level.dat: 649922 bytes.
   2.082 Info Scenario.cpp:154: Map version 2.0.77-0
   2.092 Blueprint storage "blueprint-storage-2.dat" was not found, trying to load previous version storage "blueprint-storage.dat"
   2.095 Checksum for script __level__/control.lua: 2722821277
Done.
   2.186 Goodbye
