   0.000 2026-09-13 18:43:58; Factorio 2.0.77 (build 84539, linux64, headless, space-age)
   0.008 Operating system: Linux (Ubuntu 24.04)
   0.008 Program arguments: "/workspace/scratch/0b7ad82bafe7/reference-materials/factorio/factorio/bin/x64/factorio" "--config" "/workspace/scratch/0b7ad82bafe7/reference-materials/factorio/run/config.ini" "--benchmark" "/workspace/scratch/0b7ad82bafe7/reference-materials/factorio/legacy-1.1.110/run/legacy-seed-20260914.zip" "--benchmark-ticks" "3600" "--benchmark-runs" "2" 
   0.008 Config path: /workspace/scratch/0b7ad82bafe7/reference-materials/factorio/run/config.ini
   0.008 Read data path: /workspace/scratch/0b7ad82bafe7/reference-materials/factorio/factorio/data
   0.008 Write data path: /workspace/scratch/0b7ad82bafe7/reference-materials/factorio/run [24672/32205MB]
   0.008 Binaries path: /workspace/scratch
   0.015 System info: [CPU: AMD EPYC 9V74 80-Core Processor, 9 cores, RAM: 22039 MB]
   0.015 Environment: DISPLAY=<unset> WAYLAND_DISPLAY=<unset> DESKTOP_SESSION=<unset> XDG_SESSION_DESKTOP=<unset> XDG_CURRENT_DESKTOP=<unset> SDL_VIDEODRIVER=<unset> __GL_FSAA_MODE=<unset> __GL_LOG_MAX_ANISO=<unset> __GL_SYNC_TO_VBLANK=<unset> __GL_SORT_FBCONFIGS=<unset> __GL_YIELD=<unset>
   0.015 Running in headless mode
   0.015 Audio is disabled
   0.024 Info ModManager.cpp:449: FeatureFlag expansion-shaders = true
   0.024 Info ModManager.cpp:449: FeatureFlag freezing = true
   0.024 Info ModManager.cpp:449: FeatureFlag quality = true
   0.024 Info ModManager.cpp:449: FeatureFlag rail-bridges = true
   0.024 Info ModManager.cpp:449: FeatureFlag segmented-units = true
   0.024 Info ModManager.cpp:449: FeatureFlag space-travel = true
   0.024 Info ModManager.cpp:449: FeatureFlag spoiling = true
   0.026 Loading mod core 0.0.0 (data.lua)
   0.036 Loading mod base 2.0.77 (data.lua)
   0.139 Loading mod elevated-rails 2.0.77 (data.lua)
   0.172 Loading mod quality 2.0.77 (data.lua)
   0.183 Loading mod space-age 2.0.77 (data.lua)
   0.315 Loading mod base 2.0.77 (data-updates.lua)
   0.327 Loading mod quality 2.0.77 (data-updates.lua)
   0.346 Loading mod space-age 2.0.77 (data-updates.lua)
   0.435 Checksum for core: 4187927925
   0.435 Checksum of base: 1879415942
   0.435 Checksum of elevated-rails: 70351106
   0.435 Checksum of quality: 1142589254
   0.435 Checksum of space-age: 1510664043
   1.237 Prototype list checksum: 3295867752
   1.298 Info PlayerData.cpp:64: Local player-data.json available, timestamp 1789342779
   1.298 Info PlayerData.cpp:71: Cloud player-data.json unavailable
   1.299 Info GlobalContext.cpp:1300: Resetting config.
   1.299 Factorio initialised
   1.299 Loading map /workspace/scratch/0b7ad82bafe7/reference-materials/factorio/legacy-1.1.110/run/legacy-seed-20260914.zip: 523798 bytes.
   1.311 Loading level.dat: 977541 bytes.
   1.311 Info Scenario.cpp:154: Map version 1.1.110-0
   1.314 Info PrototypeMigrationList.cpp:197: Activating migration base/1.2.0 stack inserter rename.json
   1.314 Info PrototypeMigrationList.cpp:197: Activating migration base/2.0.0-biter-egg.json
   1.314 Info PrototypeMigrationList.cpp:197: Activating migration base/2.0.0-internal.json
   1.314 Info PrototypeMigrationList.cpp:197: Activating migration base/2.0.0-internal2.json
   1.314 Info PrototypeMigrationList.cpp:197: Activating migration base/2.0.0-internal3.json
   1.314 Info PrototypeMigrationList.cpp:197: Activating migration base/2.0.0.json
   1.315 Info PrototypeMigrationList.cpp:197: Activating migration space-age/aquilo-tilesets.json
   1.315 Info PrototypeMigrationList.cpp:197: Activating migration space-age/biolab.json
   1.315 Info PrototypeMigrationList.cpp:197: Activating migration space-age/internal.json
   1.315 Info PrototypeMigrationList.cpp:197: Activating migration space-age/jelly-yum-rename.json
   1.315 Info PrototypeMigrationList.cpp:197: Activating migration space-age/shattered-planet.json
   1.315 Info PrototypeMigrationList.cpp:197: Activating migration space-age/tungsten-belt-rename.json
   1.333 Blueprint storage "blueprint-storage-2.dat" was not found, trying to load previous version storage "blueprint-storage.dat"
   1.338 Loading script.dat: 1171 bytes.
   1.347 Checksum for script __level__/control.lua: 2722821277
   1.349 Applying migration: Base Mod: 2.0.0.lua
Running update 0
Running update 100
Running update 200
Running update 300
Running update 400
Running update 500
Running update 600
Running update 700
Running update 800
Running update 900
Running update 1000
Running update 1100
Running update 1200
Running update 1300
Running update 1400
Running update 1500
Running update 1600
Running update 1700
Running update 1800
Running update 1900
Running update 2000
Running update 2100
Running update 2200
Running update 2300
Running update 2400
Running update 2500
Running update 2600
Running update 2700
Running update 2800
Running update 2900
Running update 3000
Running update 3100
Running update 3200
Running update 3300
Running update 3400
Running update 3500
  Performed 3600 updates in 1152.427 ms
  avg: 0.320 ms, min: 0.180 ms, max: 4.701 ms
  checksum: 2717750315
   2.519 Loading map /workspace/scratch/0b7ad82bafe7/reference-materials/factorio/legacy-1.1.110/run/legacy-seed-20260914.zip: 523798 bytes.
   2.527 Loading level.dat: 977541 bytes.
   2.527 Info Scenario.cpp:154: Map version 1.1.110-0
   2.530 Info PrototypeMigrationList.cpp:197: Activating migration base/1.2.0 stack inserter rename.json
   2.530 Info PrototypeMigrationList.cpp:197: Activating migration base/2.0.0-biter-egg.json
   2.530 Info PrototypeMigrationList.cpp:197: Activating migration base/2.0.0-internal.json
   2.530 Info PrototypeMigrationList.cpp:197: Activating migration base/2.0.0-internal2.json
   2.530 Info PrototypeMigrationList.cpp:197: Activating migration base/2.0.0-internal3.json
   2.530 Info PrototypeMigrationList.cpp:197: Activating migration base/2.0.0.json
   2.530 Info PrototypeMigrationList.cpp:197: Activating migration space-age/aquilo-tilesets.json
   2.530 Info PrototypeMigrationList.cpp:197: Activating migration space-age/biolab.json
   2.530 Info PrototypeMigrationList.cpp:197: Activating migration space-age/internal.json
   2.530 Info PrototypeMigrationList.cpp:197: Activating migration space-age/jelly-yum-rename.json
   2.530 Info PrototypeMigrationList.cpp:197: Activating migration space-age/shattered-planet.json
   2.530 Info PrototypeMigrationList.cpp:197: Activating migration space-age/tungsten-belt-rename.json
   2.547 Blueprint storage "blueprint-storage-2.dat" was not found, trying to load previous version storage "blueprint-storage.dat"
   2.551 Loading script.dat: 1171 bytes.
   2.557 Checksum for script __level__/control.lua: 2722821277
   2.558 Applying migration: Base Mod: 2.0.0.lua
Running update 0
Running update 100
Running update 200
Running update 300
Running update 400
Running update 500
Running update 600
Running update 700
Running update 800
Running update 900
Running update 1000
Running update 1100
Running update 1200
Running update 1300
Running update 1400
Running update 1500
Running update 1600
Running update 1700
Running update 1800
Running update 1900
Running update 2000
Running update 2100
Running update 2200
Running update 2300
Running update 2400
Running update 2500
Running update 2600
Running update 2700
Running update 2800
Running update 2900
Running update 3000
Running update 3100
Running update 3200
Running update 3300
Running update 3400
Running update 3500
  Performed 3600 updates in 1202.675 ms
  avg: 0.334 ms, min: 0.065 ms, max: 9.511 ms
  checksum: 2717750315
   3.885 Goodbye
