   0.000 2026-09-13 18:39:38; Factorio 2.0.77 (build 84539, linux64, headless, space-age)
   0.007 Operating system: Linux (Ubuntu 24.04)
   0.007 Program arguments: "/workspace/scratch/0b7ad82bafe7/reference-materials/factorio/factorio/bin/x64/factorio" "--config" "/workspace/scratch/0b7ad82bafe7/reference-materials/factorio/run/config.ini" "--benchmark" "/workspace/scratch/0b7ad82bafe7/reference-materials/factorio/run/missing-save.zip" "--benchmark-ticks" "60" 
   0.007 Config path: /workspace/scratch/0b7ad82bafe7/reference-materials/factorio/run/config.ini
   0.007 Read data path: /workspace/scratch/0b7ad82bafe7/reference-materials/factorio/factorio/data
   0.007 Write data path: /workspace/scratch/0b7ad82bafe7/reference-materials/factorio/run [24969/32205MB]
   0.007 Binaries path: /workspace/scratch
   0.014 System info: [CPU: AMD EPYC 9V74 80-Core Processor, 9 cores, RAM: 22039 MB]
   0.014 Environment: DISPLAY=<unset> WAYLAND_DISPLAY=<unset> DESKTOP_SESSION=<unset> XDG_SESSION_DESKTOP=<unset> XDG_CURRENT_DESKTOP=<unset> SDL_VIDEODRIVER=<unset> __GL_FSAA_MODE=<unset> __GL_LOG_MAX_ANISO=<unset> __GL_SYNC_TO_VBLANK=<unset> __GL_SORT_FBCONFIGS=<unset> __GL_YIELD=<unset>
   0.015 Running in headless mode
   0.015 Audio is disabled
   0.022 Info ModManager.cpp:449: FeatureFlag expansion-shaders = true
   0.022 Info ModManager.cpp:449: FeatureFlag freezing = true
   0.022 Info ModManager.cpp:449: FeatureFlag quality = true
   0.022 Info ModManager.cpp:449: FeatureFlag rail-bridges = true
   0.022 Info ModManager.cpp:449: FeatureFlag segmented-units = true
   0.022 Info ModManager.cpp:449: FeatureFlag space-travel = true
   0.022 Info ModManager.cpp:449: FeatureFlag spoiling = true
   0.025 Loading mod core 0.0.0 (data.lua)
   0.041 Loading mod base 2.0.77 (data.lua)
   0.145 Loading mod elevated-rails 2.0.77 (data.lua)
   0.163 Loading mod quality 2.0.77 (data.lua)
   0.174 Loading mod space-age 2.0.77 (data.lua)
   0.369 Loading mod base 2.0.77 (data-updates.lua)
   0.387 Loading mod quality 2.0.77 (data-updates.lua)
   0.417 Loading mod space-age 2.0.77 (data-updates.lua)
   0.594 Checksum for core: 4187927925
   0.594 Checksum of base: 1879415942
   0.594 Checksum of elevated-rails: 70351106
   0.594 Checksum of quality: 1142589254
   0.594 Checksum of space-age: 1510664043
   1.440 Prototype list checksum: 3295867752
   1.495 Info PlayerData.cpp:64: Local player-data.json available, timestamp 1789342778
   1.495 Info PlayerData.cpp:71: Cloud player-data.json unavailable
   1.496 Info GlobalContext.cpp:1300: Resetting config.
   1.496 Factorio initialised
   1.496 Loading map /workspace/scratch/0b7ad82bafe7/reference-materials/factorio/run/missing-save.zip
   1.545 Goodbye
   0.000 Error Util.cpp:81: File /workspace/scratch/0b7ad82bafe7/reference-materials/factorio/run/missing-save.zip does not exist.
