   0.000 2026-09-13 18:39:37; Factorio 2.0.77 (build 84539, linux64, headless, space-age)
   0.011 Operating system: Linux (Ubuntu 24.04)
   0.011 Program arguments: "/workspace/scratch/0b7ad82bafe7/reference-materials/factorio/factorio/bin/x64/factorio" "--config" "/workspace/scratch/0b7ad82bafe7/reference-materials/factorio/run/config.ini" "--benchmark" "/workspace/scratch/0b7ad82bafe7/reference-materials/factorio/run/truncated-copy.zip" "--benchmark-ticks" "60" 
   0.011 Config path: /workspace/scratch/0b7ad82bafe7/reference-materials/factorio/run/config.ini
   0.011 Read data path: /workspace/scratch/0b7ad82bafe7/reference-materials/factorio/factorio/data
   0.011 Write data path: /workspace/scratch/0b7ad82bafe7/reference-materials/factorio/run [24969/32205MB]
   0.011 Binaries path: /workspace/scratch
   0.018 System info: [CPU: AMD EPYC 9V74 80-Core Processor, 9 cores, RAM: 22039 MB]
   0.018 Environment: DISPLAY=<unset> WAYLAND_DISPLAY=<unset> DESKTOP_SESSION=<unset> XDG_SESSION_DESKTOP=<unset> XDG_CURRENT_DESKTOP=<unset> SDL_VIDEODRIVER=<unset> __GL_FSAA_MODE=<unset> __GL_LOG_MAX_ANISO=<unset> __GL_SYNC_TO_VBLANK=<unset> __GL_SORT_FBCONFIGS=<unset> __GL_YIELD=<unset>
   0.019 Running in headless mode
   0.019 Audio is disabled
   0.027 Info ModManager.cpp:449: FeatureFlag expansion-shaders = true
   0.027 Info ModManager.cpp:449: FeatureFlag freezing = true
   0.027 Info ModManager.cpp:449: FeatureFlag quality = true
   0.027 Info ModManager.cpp:449: FeatureFlag rail-bridges = true
   0.027 Info ModManager.cpp:449: FeatureFlag segmented-units = true
   0.027 Info ModManager.cpp:449: FeatureFlag space-travel = true
   0.027 Info ModManager.cpp:449: FeatureFlag spoiling = true
   0.029 Loading mod core 0.0.0 (data.lua)
   0.039 Loading mod base 2.0.77 (data.lua)
   0.159 Loading mod elevated-rails 2.0.77 (data.lua)
   0.183 Loading mod quality 2.0.77 (data.lua)
   0.199 Loading mod space-age 2.0.77 (data.lua)
   0.343 Loading mod base 2.0.77 (data-updates.lua)
   0.359 Loading mod quality 2.0.77 (data-updates.lua)
   0.380 Loading mod space-age 2.0.77 (data-updates.lua)
   0.457 Checksum for core: 4187927925
   0.457 Checksum of base: 1879415942
   0.457 Checksum of elevated-rails: 70351106
   0.457 Checksum of quality: 1142589254
   0.457 Checksum of space-age: 1510664043
   0.982 Prototype list checksum: 3295867752
   1.039 Info PlayerData.cpp:64: Local player-data.json available, timestamp 1789342678
   1.039 Info PlayerData.cpp:71: Cloud player-data.json unavailable
   1.040 Info GlobalContext.cpp:1300: Resetting config.
   1.040 Factorio initialised
   1.040 Loading map /workspace/scratch/0b7ad82bafe7/reference-materials/factorio/run/truncated-copy.zip: 256 bytes.
   1.087 Goodbye
   0.000 Error Util.cpp:81: Opening zip /workspace/scratch/0b7ad82bafe7/reference-materials/factorio/run/truncated-copy.zip failed: I/O error
